192.168.1.46 - - [21/Oct/2009:21:49:42 -0400] "GET /waves/BHW1z9FOWKum HTTP/1.1" 200 3561 "http://wave.danopia.net/waves/BHW1z9FOWKum" "Mozilla/5.0 (X11; U; Linux i686; en-US; rv:1.9.0.14) Gecko/2009090216 Ubuntu/8.04 (hardy) Firefox/3.0.14"
192.168.1.46 - - [21/Oct/2009:21:49:43 -0400] "GET /stylesheets/base.css?1256169076 HTTP/1.1" 304 - "http://wave.danopia.net/waves/BHW1z9FOWKum" "Mozilla/5.0 (X11; U; Linux i686; en-US; rv:1.9.0.14) Gecko/2009090216 Ubuntu/8.04 (hardy) Firefox/3.0.14"
192.168.1.46 - - [21/Oct/2009:21:49:43 -0400] "GET /images/icons/ruby_go.png?1256168852 HTTP/1.1" 304 - "http://wave.danopia.net/waves/BHW1z9FOWKum" "Mozilla/5.0 (X11; U; Linux i686; en-US; rv:1.9.0.14) Gecko/2009090216 Ubuntu/8.04 (hardy) Firefox/3.0.14"
192.168.1.46 - - [21/Oct/2009:21:49:45 -0400] "GET /waves/BHW1z9FOWKum HTTP/1.1" 200 3553 "http://wave.danopia.net/waves/BHW1z9FOWKum" "Mozilla/5.0 (X11; U; Linux i686; en-US; rv:1.9.0.14) Gecko/2009090216 Ubuntu/8.04 (hardy) Firefox/3.0.14"
192.168.1.46 - - [21/Oct/2009:21:49:45 -0400] "GET /stylesheets/base.css?1256169076 HTTP/1.1" 304 - "http://wave.danopia.net/waves/BHW1z9FOWKum" "Mozilla/5.0 (X11; U; Linux i686; en-US; rv:1.9.0.14) Gecko/2009090216 Ubuntu/8.04 (hardy) Firefox/3.0.14"
192.168.1.46 - - [21/Oct/2009:21:49:45 -0400] "GET /images/icons/ruby_go.png?1256168852 HTTP/1.1" 304 - "http://wave.danopia.net/waves/BHW1z9FOWKum" "Mozilla/5.0 (X11; U; Linux i686; en-US; rv:1.9.0.14) Gecko/2009090216 Ubuntu/8.04 (hardy) Firefox/3.0.14"
192.168.1.46 - - [21/Oct/2009:21:50:45 -0400] "GET /waves/BHW1z9FOWKum HTTP/1.1" 200 3694 "http://wave.danopia.net/waves/BHW1z9FOWKum" "Mozilla/5.0 (X11; U; Linux i686; en-US; rv:1.9.0.14) Gecko/2009090216 Ubuntu/8.04 (hardy) Firefox/3.0.14"
192.168.1.46 - - [21/Oct/2009:21:50:45 -0400] "GET /stylesheets/base.css?1256169076 HTTP/1.1" 304 - "http://wave.danopia.net/waves/BHW1z9FOWKum" "Mozilla/5.0 (X11; U; Linux i686; en-US; rv:1.9.0.14) Gecko/2009090216 Ubuntu/8.04 (hardy) Firefox/3.0.14"
192.168.1.46 - - [21/Oct/2009:21:50:45 -0400] "GET /images/icons/ruby_go.png?1256168852 HTTP/1.1" 304 - "http://wave.danopia.net/waves/BHW1z9FOWKum" "Mozilla/5.0 (X11; U; Linux i686; en-US; rv:1.9.0.14) Gecko/2009090216 Ubuntu/8.04 (hardy) Firefox/3.0.14"
192.168.1.46 - - [21/Oct/2009:21:50:48 -0400] "POST /waves/BHW1z9FOWKum/update HTTP/1.1" 302 112 "http://wave.danopia.net/waves/BHW1z9FOWKum" "Mozilla/5.0 (X11; U; Linux i686; en-US; rv:1.9.0.14) Gecko/2009090216 Ubuntu/8.04 (hardy) Firefox/3.0.14"
192.168.1.46 - - [21/Oct/2009:21:50:48 -0400] "GET /waves/BHW1z9FOWKum HTTP/1.1" 200 4044 "http://wave.danopia.net/waves/BHW1z9FOWKum" "Mozilla/5.0 (X11; U; Linux i686; en-US; rv:1.9.0.14) Gecko/2009090216 Ubuntu/8.04 (hardy) Firefox/3.0.14"
72.219.211.182 - - [21/Oct/2009:21:50:57 -0400] "GET /waves/BHW1z9FOWKum HTTP/1.1" 200 4044 "-" "Mozilla/5.0 (X11; U; Linux x86_64; en-US) AppleWebKit/532.2 (KHTML, like Gecko) Chrome/4.0.222.5 Safari/532.2"
72.219.211.182 - - [21/Oct/2009:21:50:57 -0400] "GET /stylesheets/base.css?1256169076 HTTP/1.1" 304 - "http://wave.danopia.net/waves/BHW1z9FOWKum" "Mozilla/5.0 (X11; U; Linux x86_64; en-US) AppleWebKit/532.2 (KHTML, like Gecko) Chrome/4.0.222.5 Safari/532.2"
72.219.211.182 - - [21/Oct/2009:21:50:57 -0400] "GET /images/icons/ruby_go.png?1256168852 HTTP/1.1" 304 - "http://wave.danopia.net/waves/BHW1z9FOWKum" "Mozilla/5.0 (X11; U; Linux x86_64; en-US) AppleWebKit/532.2 (KHTML, like Gecko) Chrome/4.0.222.5 Safari/532.2"
192.168.1.46 - - [21/Oct/2009:21:51:00 -0400] "GET /waves/BHW1z9FOWKum HTTP/1.1" 304 - "http://wave.danopia.net/waves/BHW1z9FOWKum" "Mozilla/5.0 (X11; U; Linux i686; en-US; rv:1.9.0.14) Gecko/2009090216 Ubuntu/8.04 (hardy) Firefox/3.0.14"
192.168.1.46 - - [21/Oct/2009:21:51:00 -0400] "GET /stylesheets/base.css?1256169076 HTTP/1.1" 304 - "http://wave.danopia.net/waves/BHW1z9FOWKum" "Mozilla/5.0 (X11; U; Linux i686; en-US; rv:1.9.0.14) Gecko/2009090216 Ubuntu/8.04 (hardy) Firefox/3.0.14"
192.168.1.46 - - [21/Oct/2009:21:51:00 -0400] "GET /images/icons/ruby_go.png?1256168852 HTTP/1.1" 304 - "http://wave.danopia.net/waves/BHW1z9FOWKum" "Mozilla/5.0 (X11; U; Linux i686; en-US; rv:1.9.0.14) Gecko/2009090216 Ubuntu/8.04 (hardy) Firefox/3.0.14"
72.219.211.182 - - [21/Oct/2009:21:51:01 -0400] "POST /waves/BHW1z9FOWKum/update HTTP/1.1" 302 112 "http://wave.danopia.net/waves/BHW1z9FOWKum" "Mozilla/5.0 (X11; U; Linux x86_64; en-US) AppleWebKit/532.2 (KHTML, like Gecko) Chrome/4.0.222.5 Safari/532.2"
72.219.211.182 - - [21/Oct/2009:21:51:02 -0400] "GET /waves/BHW1z9FOWKum HTTP/1.1" 200 4406 "http://wave.danopia.net/waves/BHW1z9FOWKum" "Mozilla/5.0 (X11; U; Linux x86_64; en-US) AppleWebKit/532.2 (KHTML, like Gecko) Chrome/4.0.222.5 Safari/532.2"
72.219.211.182 - - [21/Oct/2009:21:51:02 -0400] "GET /stylesheets/base.css?1256169076 HTTP/1.1" 304 - "http://wave.danopia.net/waves/BHW1z9FOWKum" "Mozilla/5.0 (X11; U; Linux x86_64; en-US) AppleWebKit/532.2 (KHTML, like Gecko) Chrome/4.0.222.5 Safari/532.2"
72.219.211.182 - - [21/Oct/2009:21:51:02 -0400] "GET /images/icons/ruby_go.png?1256168852 HTTP/1.1" 304 - "http://wave.danopia.net/waves/BHW1z9FOWKum" "Mozilla/5.0 (X11; U; Linux x86_64; en-US) AppleWebKit/532.2 (KHTML, like Gecko) Chrome/4.0.222.5 Safari/532.2"
72.219.211.182 - - [21/Oct/2009:21:51:06 -0400] "POST /waves/BHW1z9FOWKum/update HTTP/1.1" 302 112 "http://wave.danopia.net/waves/BHW1z9FOWKum" "Mozilla/5.0 (X11; U; Linux x86_64; en-US) AppleWebKit/532.2 (KHTML, like Gecko) Chrome/4.0.222.5 Safari/532.2"
72.219.211.182 - - [21/Oct/2009:21:51:06 -0400] "GET /waves/BHW1z9FOWKum HTTP/1.1" 200 4762 "http://wave.danopia.net/waves/BHW1z9FOWKum" "Mozilla/5.0 (X11; U; Linux x86_64; en-US) AppleWebKit/532.2 (KHTML, like Gecko) Chrome/4.0.222.5 Safari/532.2"
72.219.211.182 - - [21/Oct/2009:21:51:07 -0400] "GET /stylesheets/base.css?1256169076 HTTP/1.1" 304 - "http://wave.danopia.net/waves/BHW1z9FOWKum" "Mozilla/5.0 (X11; U; Linux x86_64; en-US) AppleWebKit/532.2 (KHTML, like Gecko) Chrome/4.0.222.5 Safari/532.2"
72.219.211.182 - - [21/Oct/2009:21:51:07 -0400] "GET /images/icons/ruby_go.png?1256168852 HTTP/1.1" 304 - "http://wave.danopia.net/waves/BHW1z9FOWKum" "Mozilla/5.0 (X11; U; Linux x86_64; en-US) AppleWebKit/532.2 (KHTML, like Gecko) Chrome/4.0.222.5 Safari/532.2"
192.168.1.46 - - [21/Oct/2009:21:51:13 -0400] "GET /waves/BHW1z9FOWKum HTTP/1.1" 200 4762 "http://wave.danopia.net/waves/BHW1z9FOWKum" "Mozilla/5.0 (X11; U; Linux i686; en-US; rv:1.9.0.14) Gecko/2009090216 Ubuntu/8.04 (hardy) Firefox/3.0.14"
192.168.1.46 - - [21/Oct/2009:21:51:13 -0400] "GET /stylesheets/base.css?1256169076 HTTP/1.1" 304 - "http://wave.danopia.net/waves/BHW1z9FOWKum" "Mozilla/5.0 (X11; U; Linux i686; en-US; rv:1.9.0.14) Gecko/2009090216 Ubuntu/8.04 (hardy) Firefox/3.0.14"
192.168.1.46 - - [21/Oct/2009:21:51:13 -0400] "GET /images/icons/ruby_go.png?1256168852 HTTP/1.1" 304 - "http://wave.danopia.net/waves/BHW1z9FOWKum" "Mozilla/5.0 (X11; U; Linux i686; en-US; rv:1.9.0.14) Gecko/2009090216 Ubuntu/8.04 (hardy) Firefox/3.0.14"
192.168.1.46 - - [21/Oct/2009:21:51:24 -0400] "GET /waves/BHW1z9FOWKum HTTP/1.1" 304 - "http://wave.danopia.net/waves/BHW1z9FOWKum" "Mozilla/5.0 (X11; U; Linux i686; en-US; rv:1.9.0.14) Gecko/2009090216 Ubuntu/8.04 (hardy) Firefox/3.0.14"
192.168.1.46 - - [21/Oct/2009:21:51:24 -0400] "GET /stylesheets/base.css?1256169076 HTTP/1.1" 304 - "http://wave.danopia.net/waves/BHW1z9FOWKum" "Mozilla/5.0 (X11; U; Linux i686; en-US; rv:1.9.0.14) Gecko/2009090216 Ubuntu/8.04 (hardy) Firefox/3.0.14"
192.168.1.46 - - [21/Oct/2009:21:51:24 -0400] "GET /images/icons/ruby_go.png?1256168852 HTTP/1.1" 304 - "http://wave.danopia.net/waves/BHW1z9FOWKum" "Mozilla/5.0 (X11; U; Linux i686; en-US; rv:1.9.0.14) Gecko/2009090216 Ubuntu/8.04 (hardy) Firefox/3.0.14"
192.168.1.46 - - [21/Oct/2009:21:51:29 -0400] "POST /waves/BHW1z9FOWKum/update HTTP/1.1" 302 112 "http://wave.danopia.net/waves/BHW1z9FOWKum" "Mozilla/5.0 (X11; U; Linux i686; en-US; rv:1.9.0.14) Gecko/2009090216 Ubuntu/8.04 (hardy) Firefox/3.0.14"
192.168.1.46 - - [21/Oct/2009:21:51:30 -0400] "GET /waves/BHW1z9FOWKum HTTP/1.1" 200 5162 "http://wave.danopia.net/waves/BHW1z9FOWKum" "Mozilla/5.0 (X11; U; Linux i686; en-US; rv:1.9.0.14) Gecko/2009090216 Ubuntu/8.04 (hardy) Firefox/3.0.14"
216.65.175.101 - - [21/Oct/2009:21:52:07 -0400] "GET /waves/BHW1z9FOWKum HTTP/1.1" 302 95 "-" "Mozilla/5.0 (X11; U; Linux x86_64; en-US) AppleWebKit/532.2 (KHTML, like Gecko) Chrome/4.0.222.5 Safari/532.2"
216.65.175.101 - - [21/Oct/2009:21:52:07 -0400] "GET /login HTTP/1.1" 304 - "-" "Mozilla/5.0 (X11; U; Linux x86_64; en-US) AppleWebKit/532.2 (KHTML, like Gecko) Chrome/4.0.222.5 Safari/532.2"
216.65.175.101 - - [21/Oct/2009:21:52:08 -0400] "GET /stylesheets/base.css?1256169076 HTTP/1.1" 304 - "http://wave.danopia.net/login" "Mozilla/5.0 (X11; U; Linux x86_64; en-US) AppleWebKit/532.2 (KHTML, like Gecko) Chrome/4.0.222.5 Safari/532.2"
216.65.175.101 - - [21/Oct/2009:21:52:08 -0400] "GET /images/icons/ruby_go.png?1256168852 HTTP/1.1" 304 - "http://wave.danopia.net/login" "Mozilla/5.0 (X11; U; Linux x86_64; en-US) AppleWebKit/532.2 (KHTML, like Gecko) Chrome/4.0.222.5 Safari/532.2"
216.65.175.101 - - [21/Oct/2009:21:52:12 -0400] "GET /account HTTP/1.1" 302 95 "-" "Mozilla/5.0 (X11; U; Linux x86_64; en-US) AppleWebKit/532.2 (KHTML, like Gecko) Chrome/4.0.222.5 Safari/532.2"
216.65.175.101 - - [21/Oct/2009:21:52:13 -0400] "GET /login HTTP/1.1" 304 - "-" "Mozilla/5.0 (X11; U; Linux x86_64; en-US) AppleWebKit/532.2 (KHTML, like Gecko) Chrome/4.0.222.5 Safari/532.2"
216.65.175.101 - - [21/Oct/2009:21:52:16 -0400] "GET /account/new HTTP/1.1" 200 2187 "-" "Mozilla/5.0 (X11; U; Linux x86_64; en-US) AppleWebKit/532.2 (KHTML, like Gecko) Chrome/4.0.222.5 Safari/532.2"
216.65.175.101 - - [21/Oct/2009:21:52:17 -0400] "GET /images/icons/user_add.png?1256168852 HTTP/1.1" 200 746 "http://wave.danopia.net/account/new" "Mozilla/5.0 (X11; U; Linux x86_64; en-US) AppleWebKit/532.2 (KHTML, like Gecko) Chrome/4.0.222.5 Safari/532.2"
216.65.175.101 - - [21/Oct/2009:21:52:36 -0400] "POST /account HTTP/1.1" 302 97 "http://wave.danopia.net/account/new" "Mozilla/5.0 (X11; U; Linux x86_64; en-US) AppleWebKit/532.2 (KHTML, like Gecko) Chrome/4.0.222.5 Safari/532.2"
216.65.175.101 - - [21/Oct/2009:21:52:37 -0400] "GET /account HTTP/1.1" 200 1326 "http://wave.danopia.net/account/new" "Mozilla/5.0 (X11; U; Linux x86_64; en-US) AppleWebKit/532.2 (KHTML, like Gecko) Chrome/4.0.222.5 Safari/532.2"
216.65.175.101 - - [21/Oct/2009:21:52:37 -0400] "GET /stylesheets/base.css?1256169076 HTTP/1.1" 304 - "http://wave.danopia.net/account" "Mozilla/5.0 (X11; U; Linux x86_64; en-US) AppleWebKit/532.2 (KHTML, like Gecko) Chrome/4.0.222.5 Safari/532.2"
216.65.175.101 - - [21/Oct/2009:21:52:37 -0400] "GET /images/icons/ruby_go.png?1256168852 HTTP/1.1" 304 - "http://wave.danopia.net/account" "Mozilla/5.0 (X11; U; Linux x86_64; en-US) AppleWebKit/532.2 (KHTML, like Gecko) Chrome/4.0.222.5 Safari/532.2"
216.65.175.101 - - [21/Oct/2009:21:52:48 -0400] "GET /login HTTP/1.1" 302 96 "-" "Mozilla/5.0 (X11; U; Linux x86_64; en-US) AppleWebKit/532.2 (KHTML, like Gecko) Chrome/4.0.222.5 Safari/532.2"
216.65.175.101 - - [21/Oct/2009:21:52:48 -0400] "GET /logout HTTP/1.1" 302 95 "-" "Mozilla/5.0 (X11; U; Linux x86_64; en-US) AppleWebKit/532.2 (KHTML, like Gecko) Chrome/4.0.222.5 Safari/532.2"
216.65.175.101 - - [21/Oct/2009:21:52:48 -0400] "GET /login HTTP/1.1" 200 1729 "-" "Mozilla/5.0 (X11; U; Linux x86_64; en-US) AppleWebKit/532.2 (KHTML, like Gecko) Chrome/4.0.222.5 Safari/532.2"
216.65.175.101 - - [21/Oct/2009:21:52:54 -0400] "GET /waves/BHW1z9FOWKum HTTP/1.1" 302 95 "-" "Mozilla/5.0 (X11; U; Linux x86_64; en-US) AppleWebKit/532.2 (KHTML, like Gecko) Chrome/4.0.222.5 Safari/532.2"
216.65.175.101 - - [21/Oct/2009:21:52:54 -0400] "GET /login HTTP/1.1" 200 1752 "-" "Mozilla/5.0 (X11; U; Linux x86_64; en-US) AppleWebKit/532.2 (KHTML, like Gecko) Chrome/4.0.222.5 Safari/532.2"
216.65.175.101 - - [21/Oct/2009:21:53:02 -0400] "POST /login HTTP/1.1" 302 108 "http://wave.danopia.net/login" "Mozilla/5.0 (X11; U; Linux x86_64; en-US) AppleWebKit/532.2 (KHTML, like Gecko) Chrome/4.0.222.5 Safari/532.2"
216.65.175.101 - - [21/Oct/2009:21:53:03 -0400] "GET /waves/BHW1z9FOWKum HTTP/1.1" 200 5863 "http://wave.danopia.net/login" "Mozilla/5.0 (X11; U; Linux x86_64; en-US) AppleWebKit/532.2 (KHTML, like Gecko) Chrome/4.0.222.5 Safari/532.2"
216.65.175.101 - - [21/Oct/2009:21:53:04 -0400] "GET /stylesheets/base.css?1256169076 HTTP/1.1" 304 - "http://wave.danopia.net/waves/BHW1z9FOWKum" "Mozilla/5.0 (X11; U; Linux x86_64; en-US) AppleWebKit/532.2 (KHTML, like Gecko) Chrome/4.0.222.5 Safari/532.2"
216.65.175.101 - - [21/Oct/2009:21:53:04 -0400] "GET /images/icons/ruby_go.png?1256168852 HTTP/1.1" 304 - "http://wave.danopia.net/waves/BHW1z9FOWKum" "Mozilla/5.0 (X11; U; Linux x86_64; en-US) AppleWebKit/532.2 (KHTML, like Gecko) Chrome/4.0.222.5 Safari/532.2"
72.219.211.182 - - [21/Oct/2009:21:53:29 -0400] "POST /waves/BHW1z9FOWKum/update HTTP/1.1" 302 112 "http://wave.danopia.net/waves/BHW1z9FOWKum" "Mozilla/5.0 (X11; U; Linux x86_64; en-US) AppleWebKit/532.2 (KHTML, like Gecko) Chrome/4.0.222.5 Safari/532.2"
192.168.1.46 - - [21/Oct/2009:21:53:29 -0400] "GET /waves/BHW1z9FOWKum HTTP/1.1" 200 6193 "http://wave.danopia.net/waves/BHW1z9FOWKum" "Mozilla/5.0 (X11; U; Linux i686; en-US; rv:1.9.0.14) Gecko/2009090216 Ubuntu/8.04 (hardy) Firefox/3.0.14"
192.168.1.46 - - [21/Oct/2009:21:53:31 -0400] "GET /stylesheets/base.css?1256169076 HTTP/1.1" 304 - "http://wave.danopia.net/waves/BHW1z9FOWKum" "Mozilla/5.0 (X11; U; Linux i686; en-US; rv:1.9.0.14) Gecko/2009090216 Ubuntu/8.04 (hardy) Firefox/3.0.14"
192.168.1.46 - - [21/Oct/2009:21:53:31 -0400] "GET /images/icons/ruby_go.png?1256168852 HTTP/1.1" 304 - "http://wave.danopia.net/waves/BHW1z9FOWKum" "Mozilla/5.0 (X11; U; Linux i686; en-US; rv:1.9.0.14) Gecko/2009090216 Ubuntu/8.04 (hardy) Firefox/3.0.14"
72.219.211.182 - - [21/Oct/2009:21:53:30 -0400] "GET /waves/BHW1z9FOWKum HTTP/1.1" 200 6193 "http://wave.danopia.net/waves/BHW1z9FOWKum" "Mozilla/5.0 (X11; U; Linux x86_64; en-US) AppleWebKit/532.2 (KHTML, like Gecko) Chrome/4.0.222.5 Safari/532.2"
72.219.211.182 - - [21/Oct/2009:21:53:32 -0400] "GET /stylesheets/base.css?1256169076 HTTP/1.1" 304 - "http://wave.danopia.net/waves/BHW1z9FOWKum" "Mozilla/5.0 (X11; U; Linux x86_64; en-US) AppleWebKit/532.2 (KHTML, like Gecko) Chrome/4.0.222.5 Safari/532.2"
72.219.211.182 - - [21/Oct/2009:21:53:32 -0400] "GET /images/icons/ruby_go.png?1256168852 HTTP/1.1" 304 - "http://wave.danopia.net/waves/BHW1z9FOWKum" "Mozilla/5.0 (X11; U; Linux x86_64; en-US) AppleWebKit/532.2 (KHTML, like Gecko) Chrome/4.0.222.5 Safari/532.2"
72.219.211.182 - - [21/Oct/2009:21:53:34 -0400] "POST /waves/BHW1z9FOWKum/update HTTP/1.1" 302 112 "http://wave.danopia.net/waves/BHW1z9FOWKum" "Mozilla/5.0 (X11; U; Linux x86_64; en-US) AppleWebKit/532.2 (KHTML, like Gecko) Chrome/4.0.222.5 Safari/532.2"
72.219.211.182 - - [21/Oct/2009:21:53:36 -0400] "GET /waves/BHW1z9FOWKum HTTP/1.1" 200 6539 "http://wave.danopia.net/waves/BHW1z9FOWKum" "Mozilla/5.0 (X11; U; Linux x86_64; en-US) AppleWebKit/532.2 (KHTML, like Gecko) Chrome/4.0.222.5 Safari/532.2"
72.219.211.182 - - [21/Oct/2009:21:53:37 -0400] "GET /stylesheets/base.css?1256169076 HTTP/1.1" 304 - "http://wave.danopia.net/waves/BHW1z9FOWKum" "Mozilla/5.0 (X11; U; Linux x86_64; en-US) AppleWebKit/532.2 (KHTML, like Gecko) Chrome/4.0.222.5 Safari/532.2"
72.219.211.182 - - [21/Oct/2009:21:53:37 -0400] "GET /images/icons/ruby_go.png?1256168852 HTTP/1.1" 304 - "http://wave.danopia.net/waves/BHW1z9FOWKum" "Mozilla/5.0 (X11; U; Linux x86_64; en-US) AppleWebKit/532.2 (KHTML, like Gecko) Chrome/4.0.222.5 Safari/532.2"
192.168.1.46 - - [21/Oct/2009:21:53:45 -0400] "GET /waves/BHW1z9FOWKum HTTP/1.1" 200 6539 "http://wave.danopia.net/waves/BHW1z9FOWKum" "Mozilla/5.0 (X11; U; Linux i686; en-US; rv:1.9.0.14) Gecko/2009090216 Ubuntu/8.04 (hardy) Firefox/3.0.14"
192.168.1.46 - - [21/Oct/2009:21:53:46 -0400] "GET /stylesheets/base.css?1256169076 HTTP/1.1" 304 - "http://wave.danopia.net/waves/BHW1z9FOWKum" "Mozilla/5.0 (X11; U; Linux i686; en-US; rv:1.9.0.14) Gecko/2009090216 Ubuntu/8.04 (hardy) Firefox/3.0.14"
192.168.1.46 - - [21/Oct/2009:21:53:47 -0400] "GET /images/icons/ruby_go.png?1256168852 HTTP/1.1" 304 - "http://wave.danopia.net/waves/BHW1z9FOWKum" "Mozilla/5.0 (X11; U; Linux i686; en-US; rv:1.9.0.14) Gecko/2009090216 Ubuntu/8.04 (hardy) Firefox/3.0.14"
72.219.211.182 - - [21/Oct/2009:21:53:51 -0400] "POST /waves/BHW1z9FOWKum/update HTTP/1.1" 302 112 "http://wave.danopia.net/waves/BHW1z9FOWKum" "Mozilla/5.0 (X11; U; Linux x86_64; en-US) AppleWebKit/532.2 (KHTML, like Gecko) Chrome/4.0.222.5 Safari/532.2"
72.219.211.182 - - [21/Oct/2009:21:53:56 -0400] "GET /waves/BHW1z9FOWKum HTTP/1.1" 200 6903 "http://wave.danopia.net/waves/BHW1z9FOWKum" "Mozilla/5.0 (X11; U; Linux x86_64; en-US) AppleWebKit/532.2 (KHTML, like Gecko) Chrome/4.0.222.5 Safari/532.2"
72.219.211.182 - - [21/Oct/2009:21:53:58 -0400] "GET /stylesheets/base.css?1256169076 HTTP/1.1" 304 - "http://wave.danopia.net/waves/BHW1z9FOWKum" "Mozilla/5.0 (X11; U; Linux x86_64; en-US) AppleWebKit/532.2 (KHTML, like Gecko) Chrome/4.0.222.5 Safari/532.2"
72.219.211.182 - - [21/Oct/2009:21:53:58 -0400] "GET /images/icons/ruby_go.png?1256168852 HTTP/1.1" 304 - "http://wave.danopia.net/waves/BHW1z9FOWKum" "Mozilla/5.0 (X11; U; Linux x86_64; en-US) AppleWebKit/532.2 (KHTML, like Gecko) Chrome/4.0.222.5 Safari/532.2"
192.168.1.46 - - [21/Oct/2009:21:55:04 -0400] "GET /waves/BHW1z9FOWKum HTTP/1.1" 200 6903 "http://wave.danopia.net/waves/BHW1z9FOWKum" "Mozilla/5.0 (X11; U; Linux i686; en-US; rv:1.9.0.14) Gecko/2009090216 Ubuntu/8.04 (hardy) Firefox/3.0.14"
192.168.1.46 - - [21/Oct/2009:21:55:06 -0400] "GET /stylesheets/base.css?1256169076 HTTP/1.1" 304 - "http://wave.danopia.net/waves/BHW1z9FOWKum" "Mozilla/5.0 (X11; U; Linux i686; en-US; rv:1.9.0.14) Gecko/2009090216 Ubuntu/8.04 (hardy) Firefox/3.0.14"
192.168.1.46 - - [21/Oct/2009:21:55:06 -0400] "GET /images/icons/ruby_go.png?1256168852 HTTP/1.1" 304 - "http://wave.danopia.net/waves/BHW1z9FOWKum" "Mozilla/5.0 (X11; U; Linux i686; en-US; rv:1.9.0.14) Gecko/2009090216 Ubuntu/8.04 (hardy) Firefox/3.0.14"
192.168.1.46 - - [21/Oct/2009:21:55:13 -0400] "GET /waves HTTP/1.1" 200 1800 "-" "Mozilla/5.0 (X11; U; Linux i686; en-US; rv:1.9.0.14) Gecko/2009090216 Ubuntu/8.04 (hardy) Firefox/3.0.14"
216.65.175.101 - - [21/Oct/2009:21:55:24 -0400] "GET /waves HTTP/1.1" 200 1798 "-" "Mozilla/5.0 (X11; U; Linux x86_64; en-US) AppleWebKit/532.2 (KHTML, like Gecko) Chrome/4.0.222.5 Safari/532.2"
216.65.175.101 - - [21/Oct/2009:21:55:29 -0400] "GET /waves/BHW1z9FOWKum HTTP/1.1" 200 6903 "-" "Mozilla/5.0 (X11; U; Linux x86_64; en-US) AppleWebKit/532.2 (KHTML, like Gecko) Chrome/4.0.222.5 Safari/532.2"
216.65.175.101 - - [21/Oct/2009:21:55:32 -0400] "GET /stylesheets/base.css?1256169076 HTTP/1.1" 304 - "http://wave.danopia.net/waves/BHW1z9FOWKum" "Mozilla/5.0 (X11; U; Linux x86_64; en-US) AppleWebKit/532.2 (KHTML, like Gecko) Chrome/4.0.222.5 Safari/532.2"
216.65.175.101 - - [21/Oct/2009:21:55:32 -0400] "GET /images/icons/ruby_go.png?1256168852 HTTP/1.1" 304 - "http://wave.danopia.net/waves/BHW1z9FOWKum" "Mozilla/5.0 (X11; U; Linux x86_64; en-US) AppleWebKit/532.2 (KHTML, like Gecko) Chrome/4.0.222.5 Safari/532.2"
192.168.1.46 - - [21/Oct/2009:21:55:58 -0400] "GET /waves HTTP/1.1" 200 1374 "-" "Mozilla/5.0 (X11; U; Linux i686; en-US; rv:1.9.0.14) Gecko/2009090216 Ubuntu/8.04 (hardy) Firefox/3.0.14"
192.168.1.46 - - [21/Oct/2009:21:56:01 -0400] "GET /stylesheets/base.css?1256169076 HTTP/1.1" 304 - "http://wave.danopia.net/waves" "Mozilla/5.0 (X11; U; Linux i686; en-US; rv:1.9.0.14) Gecko/2009090216 Ubuntu/8.04 (hardy) Firefox/3.0.14"
192.168.1.46 - - [21/Oct/2009:21:56:01 -0400] "GET /images/icons/ruby_go.png?1256168852 HTTP/1.1" 304 - "http://wave.danopia.net/waves" "Mozilla/5.0 (X11; U; Linux i686; en-US; rv:1.9.0.14) Gecko/2009090216 Ubuntu/8.04 (hardy) Firefox/3.0.14"
192.168.1.46 - - [21/Oct/2009:21:56:03 -0400] "GET /waves HTTP/1.1" 304 - "-" "Mozilla/5.0 (X11; U; Linux i686; en-US; rv:1.9.0.14) Gecko/2009090216 Ubuntu/8.04 (hardy) Firefox/3.0.14"
192.168.1.46 - - [21/Oct/2009:21:56:06 -0400] "GET /stylesheets/base.css?1256169076 HTTP/1.1" 304 - "http://wave.danopia.net/waves" "Mozilla/5.0 (X11; U; Linux i686; en-US; rv:1.9.0.14) Gecko/2009090216 Ubuntu/8.04 (hardy) Firefox/3.0.14"
192.168.1.46 - - [21/Oct/2009:21:56:06 -0400] "GET /images/icons/ruby_go.png?1256168852 HTTP/1.1" 304 - "http://wave.danopia.net/waves" "Mozilla/5.0 (X11; U; Linux i686; en-US; rv:1.9.0.14) Gecko/2009090216 Ubuntu/8.04 (hardy) Firefox/3.0.14"
192.168.1.46 - - [21/Oct/2009:21:56:32 -0400] "GET /waves HTTP/1.1" 200 1374 "-" "Mozilla/5.0 (X11; U; Linux i686; en-US; rv:1.9.0.14) Gecko/2009090216 Ubuntu/8.04 (hardy) Firefox/3.0.14"
192.168.1.46 - - [21/Oct/2009:21:56:35 -0400] "GET /stylesheets/base.css?1256169076 HTTP/1.1" 304 - "http://wave.danopia.net/waves" "Mozilla/5.0 (X11; U; Linux i686; en-US; rv:1.9.0.14) Gecko/2009090216 Ubuntu/8.04 (hardy) Firefox/3.0.14"
192.168.1.46 - - [21/Oct/2009:21:56:35 -0400] "GET /images/icons/ruby_go.png?1256168852 HTTP/1.1" 304 - "http://wave.danopia.net/waves" "Mozilla/5.0 (X11; U; Linux i686; en-US; rv:1.9.0.14) Gecko/2009090216 Ubuntu/8.04 (hardy) Firefox/3.0.14"
192.168.1.46 - - [21/Oct/2009:21:57:06 -0400] "GET /waves HTTP/1.1" 200 1410 "-" "Mozilla/5.0 (X11; U; Linux i686; en-US; rv:1.9.0.14) Gecko/2009090216 Ubuntu/8.04 (hardy) Firefox/3.0.14"
192.168.1.46 - - [21/Oct/2009:21:57:09 -0400] "GET /stylesheets/base.css?1256169076 HTTP/1.1" 304 - "http://wave.danopia.net/waves" "Mozilla/5.0 (X11; U; Linux i686; en-US; rv:1.9.0.14) Gecko/2009090216 Ubuntu/8.04 (hardy) Firefox/3.0.14"
192.168.1.46 - - [21/Oct/2009:21:57:09 -0400] "GET /images/icons/ruby_go.png?1256168852 HTTP/1.1" 304 - "http://wave.danopia.net/waves" "Mozilla/5.0 (X11; U; Linux i686; en-US; rv:1.9.0.14) Gecko/2009090216 Ubuntu/8.04 (hardy) Firefox/3.0.14"
192.168.1.46 - - [21/Oct/2009:21:57:11 -0400] "GET /waves/new HTTP/1.1" 500 15183 "http://wave.danopia.net/waves" "Mozilla/5.0 (X11; U; Linux i686; en-US; rv:1.9.0.14) Gecko/2009090216 Ubuntu/8.04 (hardy) Firefox/3.0.14"
75.56.62.159 - - [21/Oct/2009:21:58:32 -0400] "GET /waves HTTP/1.1" 302 95 "-" "Mozilla/5.0 (Windows; U; Windows NT 6.0; en-US; rv:1.8.1.20) Gecko/20081217 Firefox/2.0.0.20 (.NET CLR 3.5.30729)"
75.56.62.159 - - [21/Oct/2009:21:58:33 -0400] "GET /login HTTP/1.1" 200 1752 "-" "Mozilla/5.0 (Windows; U; Windows NT 6.0; en-US; rv:1.8.1.20) Gecko/20081217 Firefox/2.0.0.20 (.NET CLR 3.5.30729)"
75.56.62.159 - - [21/Oct/2009:21:58:34 -0400] "GET /stylesheets/base.css?1256169076 HTTP/1.1" 200 2013 "http://wave.danopia.net/login" "Mozilla/5.0 (Windows; U; Windows NT 6.0; en-US; rv:1.8.1.20) Gecko/20081217 Firefox/2.0.0.20 (.NET CLR 3.5.30729)"
75.56.62.159 - - [21/Oct/2009:21:58:34 -0400] "GET /images/icons/ruby_go.png?1256168852 HTTP/1.1" 200 720 "http://wave.danopia.net/login" "Mozilla/5.0 (Windows; U; Windows NT 6.0; en-US; rv:1.8.1.20) Gecko/20081217 Firefox/2.0.0.20 (.NET CLR 3.5.30729)"
75.56.62.159 - - [21/Oct/2009:21:58:34 -0400] "GET /favicon.ico HTTP/1.1" 200 - "-" "Mozilla/5.0 (Windows; U; Windows NT 6.0; en-US; rv:1.8.1.20) Gecko/20081217 Firefox/2.0.0.20 (.NET CLR 3.5.30729)"
75.56.62.159 - - [21/Oct/2009:21:58:39 -0400] "GET / HTTP/1.1" 302 95 "-" "Mozilla/5.0 (Windows; U; Windows NT 6.0; en-US; rv:1.8.1.20) Gecko/20081217 Firefox/2.0.0.20 (.NET CLR 3.5.30729)"
75.56.62.159 - - [21/Oct/2009:21:58:39 -0400] "GET /login HTTP/1.1" 304 - "-" "Mozilla/5.0 (Windows; U; Windows NT 6.0; en-US; rv:1.8.1.20) Gecko/20081217 Firefox/2.0.0.20 (.NET CLR 3.5.30729)"
192.168.1.46 - - [21/Oct/2009:22:02:14 -0400] "GET /waves HTTP/1.1" 200 1345 "-" "Mozilla/5.0 (X11; U; Linux i686; en-US; rv:1.9.0.14) Gecko/2009090216 Ubuntu/8.04 (hardy) Firefox/3.0.14"
192.168.1.46 - - [21/Oct/2009:22:02:14 -0400] "GET /stylesheets/base.css?1256169076 HTTP/1.1" 304 - "http://wave.danopia.net/waves" "Mozilla/5.0 (X11; U; Linux i686; en-US; rv:1.9.0.14) Gecko/2009090216 Ubuntu/8.04 (hardy) Firefox/3.0.14"
192.168.1.46 - - [21/Oct/2009:22:02:14 -0400] "GET /images/icons/ruby_go.png?1256168852 HTTP/1.1" 304 - "http://wave.danopia.net/waves" "Mozilla/5.0 (X11; U; Linux i686; en-US; rv:1.9.0.14) Gecko/2009090216 Ubuntu/8.04 (hardy) Firefox/3.0.14"
192.168.1.46 - - [21/Oct/2009:22:02:15 -0400] "GET /waves HTTP/1.1" 304 - "-" "Mozilla/5.0 (X11; U; Linux i686; en-US; rv:1.9.0.14) Gecko/2009090216 Ubuntu/8.04 (hardy) Firefox/3.0.14"
192.168.1.46 - - [21/Oct/2009:22:02:15 -0400] "GET /stylesheets/base.css?1256169076 HTTP/1.1" 304 - "http://wave.danopia.net/waves" "Mozilla/5.0 (X11; U; Linux i686; en-US; rv:1.9.0.14) Gecko/2009090216 Ubuntu/8.04 (hardy) Firefox/3.0.14"
192.168.1.46 - - [21/Oct/2009:22:02:15 -0400] "GET /images/icons/ruby_go.png?1256168852 HTTP/1.1" 304 - "http://wave.danopia.net/waves" "Mozilla/5.0 (X11; U; Linux i686; en-US; rv:1.9.0.14) Gecko/2009090216 Ubuntu/8.04 (hardy) Firefox/3.0.14"
192.168.1.46 - - [21/Oct/2009:22:02:15 -0400] "GET /waves HTTP/1.1" 304 - "-" "Mozilla/5.0 (X11; U; Linux i686; en-US; rv:1.9.0.14) Gecko/2009090216 Ubuntu/8.04 (hardy) Firefox/3.0.14"
192.168.1.46 - - [21/Oct/2009:22:02:16 -0400] "GET /stylesheets/base.css?1256169076 HTTP/1.1" 304 - "http://wave.danopia.net/waves" "Mozilla/5.0 (X11; U; Linux i686; en-US; rv:1.9.0.14) Gecko/2009090216 Ubuntu/8.04 (hardy) Firefox/3.0.14"
192.168.1.46 - - [21/Oct/2009:22:02:16 -0400] "GET /images/icons/ruby_go.png?1256168852 HTTP/1.1" 304 - "http://wave.danopia.net/waves" "Mozilla/5.0 (X11; U; Linux i686; en-US; rv:1.9.0.14) Gecko/2009090216 Ubuntu/8.04 (hardy) Firefox/3.0.14"
192.168.1.46 - - [21/Oct/2009:22:02:16 -0400] "GET /waves HTTP/1.1" 304 - "-" "Mozilla/5.0 (X11; U; Linux i686; en-US; rv:1.9.0.14) Gecko/2009090216 Ubuntu/8.04 (hardy) Firefox/3.0.14"
192.168.1.46 - - [21/Oct/2009:22:02:17 -0400] "GET /stylesheets/base.css?1256169076 HTTP/1.1" 304 - "http://wave.danopia.net/waves" "Mozilla/5.0 (X11; U; Linux i686; en-US; rv:1.9.0.14) Gecko/2009090216 Ubuntu/8.04 (hardy) Firefox/3.0.14"
192.168.1.46 - - [21/Oct/2009:22:02:17 -0400] "GET /images/icons/ruby_go.png?1256168852 HTTP/1.1" 304 - "http://wave.danopia.net/waves" "Mozilla/5.0 (X11; U; Linux i686; en-US; rv:1.9.0.14) Gecko/2009090216 Ubuntu/8.04 (hardy) Firefox/3.0.14"
192.168.1.46 - - [21/Oct/2009:22:02:18 -0400] "GET /waves/new HTTP/1.1" 302 108 "http://wave.danopia.net/waves" "Mozilla/5.0 (X11; U; Linux i686; en-US; rv:1.9.0.14) Gecko/2009090216 Ubuntu/8.04 (hardy) Firefox/3.0.14"
192.168.1.46 - - [21/Oct/2009:22:02:18 -0400] "GET /waves/I1JcNN61HQNv HTTP/1.1" 200 1858 "http://wave.danopia.net/waves" "Mozilla/5.0 (X11; U; Linux i686; en-US; rv:1.9.0.14) Gecko/2009090216 Ubuntu/8.04 (hardy) Firefox/3.0.14"
192.168.1.46 - - [21/Oct/2009:22:02:30 -0400] "POST /waves/I1JcNN61HQNv/update HTTP/1.1" 302 111 "http://wave.danopia.net/waves/I1JcNN61HQNv" "Mozilla/5.0 (X11; U; Linux i686; en-US; rv:1.9.0.14) Gecko/2009090216 Ubuntu/8.04 (hardy) Firefox/3.0.14"
192.168.1.46 - - [21/Oct/2009:22:02:30 -0400] "GET /waves/I1JcNN61HQNv HTTP/1.1" 200 2276 "http://wave.danopia.net/waves/I1JcNN61HQNv" "Mozilla/5.0 (X11; U; Linux i686; en-US; rv:1.9.0.14) Gecko/2009090216 Ubuntu/8.04 (hardy) Firefox/3.0.14"
192.168.1.46 - - [21/Oct/2009:22:02:34 -0400] "GET /waves/ HTTP/1.1" 200 1519 "-" "Mozilla/5.0 (X11; U; Linux i686; en-US; rv:1.9.0.14) Gecko/2009090216 Ubuntu/8.04 (hardy) Firefox/3.0.14"
74.177.95.223 - - [21/Oct/2009:22:02:46 -0400] "GET /waves/new HTTP/1.1" 302 95 "-" "Mozilla/5.0 (X11; U; FreeBSD amd64; en-US; rv:1.9.1.3) Gecko/20091020 Firefox/3.5.3"
74.177.95.223 - - [21/Oct/2009:22:02:46 -0400] "GET /login HTTP/1.1" 200 1752 "-" "Mozilla/5.0 (X11; U; FreeBSD amd64; en-US; rv:1.9.1.3) Gecko/20091020 Firefox/3.5.3"
74.177.95.223 - - [21/Oct/2009:22:02:46 -0400] "GET /images/icons/ruby_go.png?1256168852 HTTP/1.1" 200 720 "http://wave.danopia.net/login" "Mozilla/5.0 (X11; U; FreeBSD amd64; en-US; rv:1.9.1.3) Gecko/20091020 Firefox/3.5.3"
74.177.95.223 - - [21/Oct/2009:22:02:46 -0400] "GET /stylesheets/base.css?1256169076 HTTP/1.1" 200 2013 "http://wave.danopia.net/login" "Mozilla/5.0 (X11; U; FreeBSD amd64; en-US; rv:1.9.1.3) Gecko/20091020 Firefox/3.5.3"
74.177.95.223 - - [21/Oct/2009:22:02:47 -0400] "GET /favicon.ico HTTP/1.1" 200 - "-" "Mozilla/5.0 (X11; U; FreeBSD amd64; en-US; rv:1.9.1.3) Gecko/20091020 Firefox/3.5.3"
192.168.1.46 - - [21/Oct/2009:22:02:47 -0400] "GET /waves/R0PIDtU751vE HTTP/1.1" 500 19278 "http://wave.danopia.net/waves/" "Mozilla/5.0 (X11; U; Linux i686; en-US; rv:1.9.0.14) Gecko/2009090216 Ubuntu/8.04 (hardy) Firefox/3.0.14"
192.168.1.46 - - [21/Oct/2009:22:02:50 -0400] "GET /waves/BHW1z9FOWKum HTTP/1.1" 200 2575 "http://wave.danopia.net/waves/" "Mozilla/5.0 (X11; U; Linux i686; en-US; rv:1.9.0.14) Gecko/2009090216 Ubuntu/8.04 (hardy) Firefox/3.0.14"
192.168.1.46 - - [21/Oct/2009:22:02:52 -0400] "GET /waves/I1JcNN61HQNv HTTP/1.1" 304 - "http://wave.danopia.net/waves/" "Mozilla/5.0 (X11; U; Linux i686; en-US; rv:1.9.0.14) Gecko/2009090216 Ubuntu/8.04 (hardy) Firefox/3.0.14"
216.65.175.101 - - [21/Oct/2009:22:02:55 -0400] "GET /waves/new HTTP/1.1" 302 108 "-" "Mozilla/5.0 (X11; U; Linux x86_64; en-US) AppleWebKit/532.2 (KHTML, like Gecko) Chrome/4.0.222.5 Safari/532.2"
216.65.175.101 - - [21/Oct/2009:22:02:55 -0400] "GET /waves/9eN6tCQzA33Y HTTP/1.1" 200 1842 "-" "Mozilla/5.0 (X11; U; Linux x86_64; en-US) AppleWebKit/532.2 (KHTML, like Gecko) Chrome/4.0.222.5 Safari/532.2"
192.168.1.46 - - [21/Oct/2009:22:03:51 -0400] "GET /users HTTP/1.1" 200 6077 "-" "Mozilla/5.0 (X11; U; Linux i686; en-US; rv:1.9.0.14) Gecko/2009090216 Ubuntu/8.04 (hardy) Firefox/3.0.14"
192.168.1.46 - - [21/Oct/2009:22:03:56 -0400] "GET /waves/ HTTP/1.1" 200 1731 "-" "Mozilla/5.0 (X11; U; Linux i686; en-US; rv:1.9.0.14) Gecko/2009090216 Ubuntu/8.04 (hardy) Firefox/3.0.14"
192.168.1.46 - - [21/Oct/2009:22:03:56 -0400] "GET /stylesheets/base.css?1256169076 HTTP/1.1" 304 - "http://wave.danopia.net/waves/" "Mozilla/5.0 (X11; U; Linux i686; en-US; rv:1.9.0.14) Gecko/2009090216 Ubuntu/8.04 (hardy) Firefox/3.0.14"
192.168.1.46 - - [21/Oct/2009:22:03:56 -0400] "GET /images/icons/ruby_go.png?1256168852 HTTP/1.1" 304 - "http://wave.danopia.net/waves/" "Mozilla/5.0 (X11; U; Linux i686; en-US; rv:1.9.0.14) Gecko/2009090216 Ubuntu/8.04 (hardy) Firefox/3.0.14"
192.168.1.46 - - [21/Oct/2009:22:04:06 -0400] "GET /waves/9eN6tCQzA33Y HTTP/1.1" 200 2511 "http://wave.danopia.net/waves/" "Mozilla/5.0 (X11; U; Linux i686; en-US; rv:1.9.0.14) Gecko/2009090216 Ubuntu/8.04 (hardy) Firefox/3.0.14"
192.168.1.46 - - [21/Oct/2009:22:04:13 -0400] "GET /waves/I1JcNN61HQNv HTTP/1.1" 304 - "http://wave.danopia.net/waves/" "Mozilla/5.0 (X11; U; Linux i686; en-US; rv:1.9.0.14) Gecko/2009090216 Ubuntu/8.04 (hardy) Firefox/3.0.14"
192.168.1.46 - - [21/Oct/2009:22:04:25 -0400] "GET /waves/ HTTP/1.1" 200 1752 "-" "Mozilla/5.0 (X11; U; Linux i686; en-US; rv:1.9.0.14) Gecko/2009090216 Ubuntu/8.04 (hardy) Firefox/3.0.14"
192.168.1.46 - - [21/Oct/2009:22:04:25 -0400] "GET /stylesheets/base.css?1256169076 HTTP/1.1" 304 - "http://wave.danopia.net/waves/" "Mozilla/5.0 (X11; U; Linux i686; en-US; rv:1.9.0.14) Gecko/2009090216 Ubuntu/8.04 (hardy) Firefox/3.0.14"
192.168.1.46 - - [21/Oct/2009:22:04:25 -0400] "GET /images/icons/ruby_go.png?1256168852 HTTP/1.1" 304 - "http://wave.danopia.net/waves/" "Mozilla/5.0 (X11; U; Linux i686; en-US; rv:1.9.0.14) Gecko/2009090216 Ubuntu/8.04 (hardy) Firefox/3.0.14"
74.177.95.223 - - [21/Oct/2009:22:05:46 -0400] "GET / HTTP/1.1" 302 95 "-" "Mozilla/5.0 (X11; U; FreeBSD amd64; en-US; rv:1.9.1.3) Gecko/20091020 Firefox/3.5.3"
74.177.95.223 - - [21/Oct/2009:22:05:46 -0400] "GET /login HTTP/1.1" 304 - "-" "Mozilla/5.0 (X11; U; FreeBSD amd64; en-US; rv:1.9.1.3) Gecko/20091020 Firefox/3.5.3"
74.177.95.223 - - [21/Oct/2009:22:05:49 -0400] "GET /login HTTP/1.1" 200 1684 "-" "Mozilla/5.0 (X11; U; FreeBSD amd64; en-US; rv:1.9.1.3) Gecko/20091020 Firefox/3.5.3"
74.177.95.223 - - [21/Oct/2009:22:05:49 -0400] "GET /stylesheets/base.css?1256169076 HTTP/1.1" 304 - "http://wave.danopia.net/login" "Mozilla/5.0 (X11; U; FreeBSD amd64; en-US; rv:1.9.1.3) Gecko/20091020 Firefox/3.5.3"
74.177.95.223 - - [21/Oct/2009:22:05:50 -0400] "GET /images/icons/ruby_go.png?1256168852 HTTP/1.1" 304 - "http://wave.danopia.net/login" "Mozilla/5.0 (X11; U; FreeBSD amd64; en-US; rv:1.9.1.3) Gecko/20091020 Firefox/3.5.3"
74.177.95.223 - - [21/Oct/2009:22:05:55 -0400] "GET /account/new HTTP/1.1" 200 2187 "-" "Mozilla/5.0 (X11; U; FreeBSD amd64; en-US; rv:1.9.1.3) Gecko/20091020 Firefox/3.5.3"
74.177.95.223 - - [21/Oct/2009:22:05:55 -0400] "GET /images/icons/user_add.png?1256168852 HTTP/1.1" 200 746 "http://wave.danopia.net/account/new" "Mozilla/5.0 (X11; U; FreeBSD amd64; en-US; rv:1.9.1.3) Gecko/20091020 Firefox/3.5.3"
74.177.95.223 - - [21/Oct/2009:22:06:20 -0400] "POST /account HTTP/1.1" 302 90 "http://wave.danopia.net/account/new" "Mozilla/5.0 (X11; U; FreeBSD amd64; en-US; rv:1.9.1.3) Gecko/20091020 Firefox/3.5.3"
74.177.95.223 - - [21/Oct/2009:22:06:20 -0400] "GET / HTTP/1.1" 200 1804 "http://wave.danopia.net/account/new" "Mozilla/5.0 (X11; U; FreeBSD amd64; en-US; rv:1.9.1.3) Gecko/20091020 Firefox/3.5.3"
74.177.95.223 - - [21/Oct/2009:22:06:25 -0400] "GET /waves/9eN6tCQzA33Y HTTP/1.1" 200 3228 "http://wave.danopia.net/" "Mozilla/5.0 (X11; U; FreeBSD amd64; en-US; rv:1.9.1.3) Gecko/20091020 Firefox/3.5.3"
74.177.95.223 - - [21/Oct/2009:22:06:31 -0400] "GET /waves/BHW1z9FOWKum HTTP/1.1" 200 3292 "http://wave.danopia.net/" "Mozilla/5.0 (X11; U; FreeBSD amd64; en-US; rv:1.9.1.3) Gecko/20091020 Firefox/3.5.3"
192.168.1.46 - - [21/Oct/2009:22:07:50 -0400] "GET /waves/ HTTP/1.1" 200 1806 "-" "Mozilla/5.0 (X11; U; Linux i686; en-US; rv:1.9.0.14) Gecko/2009090216 Ubuntu/8.04 (hardy) Firefox/3.0.14"
192.168.1.46 - - [21/Oct/2009:22:07:50 -0400] "GET /stylesheets/base.css?1256169076 HTTP/1.1" 304 - "http://wave.danopia.net/waves/" "Mozilla/5.0 (X11; U; Linux i686; en-US; rv:1.9.0.14) Gecko/2009090216 Ubuntu/8.04 (hardy) Firefox/3.0.14"
192.168.1.46 - - [21/Oct/2009:22:07:50 -0400] "GET /images/icons/ruby_go.png?1256168852 HTTP/1.1" 304 - "http://wave.danopia.net/waves/" "Mozilla/5.0 (X11; U; Linux i686; en-US; rv:1.9.0.14) Gecko/2009090216 Ubuntu/8.04 (hardy) Firefox/3.0.14"
192.168.1.46 - - [21/Oct/2009:22:08:00 -0400] "GET /waves/9eN6tCQzA33Y HTTP/1.1" 200 3228 "http://wave.danopia.net/waves/" "Mozilla/5.0 (X11; U; Linux i686; en-US; rv:1.9.0.14) Gecko/2009090216 Ubuntu/8.04 (hardy) Firefox/3.0.14"
192.168.1.46 - - [21/Oct/2009:22:08:10 -0400] "GET /waves/BHW1z9FOWKum HTTP/1.1" 200 3292 "http://wave.danopia.net/waves/" "Mozilla/5.0 (X11; U; Linux i686; en-US; rv:1.9.0.14) Gecko/2009090216 Ubuntu/8.04 (hardy) Firefox/3.0.14"
192.168.1.46 - - [21/Oct/2009:22:08:28 -0400] "POST /waves/BHW1z9FOWKum/update HTTP/1.1" 302 111 "http://wave.danopia.net/waves/BHW1z9FOWKum" "Mozilla/5.0 (X11; U; Linux i686; en-US; rv:1.9.0.14) Gecko/2009090216 Ubuntu/8.04 (hardy) Firefox/3.0.14"
192.168.1.46 - - [21/Oct/2009:22:08:28 -0400] "GET /waves/BHW1z9FOWKum HTTP/1.1" 200 3668 "http://wave.danopia.net/waves/BHW1z9FOWKum" "Mozilla/5.0 (X11; U; Linux i686; en-US; rv:1.9.0.14) Gecko/2009090216 Ubuntu/8.04 (hardy) Firefox/3.0.14"
74.177.95.223 - - [21/Oct/2009:22:08:29 -0400] "GET /waves/9eN6tCQzA33Y HTTP/1.1" 304 - "http://wave.danopia.net/" "Mozilla/5.0 (X11; U; FreeBSD amd64; en-US; rv:1.9.1.3) Gecko/20091020 Firefox/3.5.3"
74.177.95.223 - - [21/Oct/2009:22:08:31 -0400] "POST /waves/9eN6tCQzA33Y/update HTTP/1.1" 302 111 "http://wave.danopia.net/waves/9eN6tCQzA33Y" "Mozilla/5.0 (X11; U; FreeBSD amd64; en-US; rv:1.9.1.3) Gecko/20091020 Firefox/3.5.3"
74.177.95.223 - - [21/Oct/2009:22:08:32 -0400] "GET /waves/9eN6tCQzA33Y HTTP/1.1" 200 3584 "http://wave.danopia.net/waves/9eN6tCQzA33Y" "Mozilla/5.0 (X11; U; FreeBSD amd64; en-US; rv:1.9.1.3) Gecko/20091020 Firefox/3.5.3"
192.168.1.46 - - [21/Oct/2009:22:08:47 -0400] "POST /waves/BHW1z9FOWKum/update HTTP/1.1" 302 112 "http://wave.danopia.net/waves/BHW1z9FOWKum" "Mozilla/5.0 (X11; U; Linux i686; en-US; rv:1.9.0.14) Gecko/2009090216 Ubuntu/8.04 (hardy) Firefox/3.0.14"
192.168.1.46 - - [21/Oct/2009:22:08:47 -0400] "GET /waves/BHW1z9FOWKum HTTP/1.1" 200 4092 "http://wave.danopia.net/waves/BHW1z9FOWKum" "Mozilla/5.0 (X11; U; Linux i686; en-US; rv:1.9.0.14) Gecko/2009090216 Ubuntu/8.04 (hardy) Firefox/3.0.14"
192.168.1.46 - - [21/Oct/2009:22:09:40 -0400] "GET /waves/BHW1z9FOWKum HTTP/1.1" 304 - "http://wave.danopia.net/waves/BHW1z9FOWKum" "Mozilla/5.0 (X11; U; Linux i686; en-US; rv:1.9.0.14) Gecko/2009090216 Ubuntu/8.04 (hardy) Firefox/3.0.14"
192.168.1.46 - - [21/Oct/2009:22:09:40 -0400] "GET /stylesheets/base.css?1256169076 HTTP/1.1" 304 - "http://wave.danopia.net/waves/BHW1z9FOWKum" "Mozilla/5.0 (X11; U; Linux i686; en-US; rv:1.9.0.14) Gecko/2009090216 Ubuntu/8.04 (hardy) Firefox/3.0.14"
192.168.1.46 - - [21/Oct/2009:22:09:40 -0400] "GET /images/icons/ruby_go.png?1256168852 HTTP/1.1" 304 - "http://wave.danopia.net/waves/BHW1z9FOWKum" "Mozilla/5.0 (X11; U; Linux i686; en-US; rv:1.9.0.14) Gecko/2009090216 Ubuntu/8.04 (hardy) Firefox/3.0.14"
74.177.95.223 - - [21/Oct/2009:22:10:53 -0400] "GET /waves/9eN6tCQzA33Y HTTP/1.1" 304 - "http://wave.danopia.net/waves/9eN6tCQzA33Y" "Mozilla/5.0 (X11; U; FreeBSD amd64; en-US; rv:1.9.1.3) Gecko/20091020 Firefox/3.5.3"
74.177.95.223 - - [21/Oct/2009:22:10:53 -0400] "GET /stylesheets/base.css?1256169076 HTTP/1.1" 304 - "http://wave.danopia.net/waves/9eN6tCQzA33Y" "Mozilla/5.0 (X11; U; FreeBSD amd64; en-US; rv:1.9.1.3) Gecko/20091020 Firefox/3.5.3"
74.177.95.223 - - [21/Oct/2009:22:10:54 -0400] "GET /images/icons/ruby_go.png?1256168852 HTTP/1.1" 304 - "http://wave.danopia.net/waves/9eN6tCQzA33Y" "Mozilla/5.0 (X11; U; FreeBSD amd64; en-US; rv:1.9.1.3) Gecko/20091020 Firefox/3.5.3"
192.168.1.46 - - [21/Oct/2009:22:42:46 -0400] "GET /waves/BHW1z9FOWKum HTTP/1.1" 304 - "http://wave.danopia.net/waves/BHW1z9FOWKum" "Mozilla/5.0 (X11; U; Linux i686; en-US; rv:1.9.0.14) Gecko/2009090216 Ubuntu/8.04 (hardy) Firefox/3.0.14"
192.168.1.46 - - [21/Oct/2009:22:42:50 -0400] "GET /stylesheets/base.css?1256169076 HTTP/1.1" 304 - "http://wave.danopia.net/waves/BHW1z9FOWKum" "Mozilla/5.0 (X11; U; Linux i686; en-US; rv:1.9.0.14) Gecko/2009090216 Ubuntu/8.04 (hardy) Firefox/3.0.14"
192.168.1.46 - - [21/Oct/2009:22:42:50 -0400] "GET /images/icons/ruby_go.png?1256168852 HTTP/1.1" 304 - "http://wave.danopia.net/waves/BHW1z9FOWKum" "Mozilla/5.0 (X11; U; Linux i686; en-US; rv:1.9.0.14) Gecko/2009090216 Ubuntu/8.04 (hardy) Firefox/3.0.14"
192.168.1.46 - - [21/Oct/2009:22:42:52 -0400] "GET /waves/BHW1z9FOWKum HTTP/1.1" 304 - "http://wave.danopia.net/waves/BHW1z9FOWKum" "Mozilla/5.0 (X11; U; Linux i686; en-US; rv:1.9.0.14) Gecko/2009090216 Ubuntu/8.04 (hardy) Firefox/3.0.14"
192.168.1.46 - - [21/Oct/2009:22:42:53 -0400] "GET /stylesheets/base.css?1256169076 HTTP/1.1" 304 - "http://wave.danopia.net/waves/BHW1z9FOWKum" "Mozilla/5.0 (X11; U; Linux i686; en-US; rv:1.9.0.14) Gecko/2009090216 Ubuntu/8.04 (hardy) Firefox/3.0.14"
192.168.1.46 - - [21/Oct/2009:22:42:53 -0400] "GET /images/icons/ruby_go.png?1256168852 HTTP/1.1" 304 - "http://wave.danopia.net/waves/BHW1z9FOWKum" "Mozilla/5.0 (X11; U; Linux i686; en-US; rv:1.9.0.14) Gecko/2009090216 Ubuntu/8.04 (hardy) Firefox/3.0.14"
192.168.1.46 - - [21/Oct/2009:22:42:58 -0400] "GET /waves HTTP/1.1" 200 1807 "-" "Mozilla/5.0 (X11; U; Linux i686; en-US; rv:1.9.0.14) Gecko/2009090216 Ubuntu/8.04 (hardy) Firefox/3.0.14"
192.168.1.46 - - [21/Oct/2009:22:43:01 -0400] "GET /waves HTTP/1.1" 304 - "-" "Mozilla/5.0 (X11; U; Linux i686; en-US; rv:1.9.0.14) Gecko/2009090216 Ubuntu/8.04 (hardy) Firefox/3.0.14"
192.168.1.46 - - [21/Oct/2009:22:43:01 -0400] "GET /stylesheets/base.css?1256169076 HTTP/1.1" 304 - "http://wave.danopia.net/waves" "Mozilla/5.0 (X11; U; Linux i686; en-US; rv:1.9.0.14) Gecko/2009090216 Ubuntu/8.04 (hardy) Firefox/3.0.14"
192.168.1.46 - - [21/Oct/2009:22:43:01 -0400] "GET /images/icons/ruby_go.png?1256168852 HTTP/1.1" 304 - "http://wave.danopia.net/waves" "Mozilla/5.0 (X11; U; Linux i686; en-US; rv:1.9.0.14) Gecko/2009090216 Ubuntu/8.04 (hardy) Firefox/3.0.14"
192.168.1.46 - - [22/Oct/2009:06:05:03 -0400] "GET /waves HTTP/1.1" 304 - "-" "Mozilla/5.0 (X11; U; Linux i686; en-US; rv:1.9.0.14) Gecko/2009090216 Ubuntu/8.04 (hardy) Firefox/3.0.14"
192.168.1.46 - - [22/Oct/2009:06:05:05 -0400] "GET /stylesheets/base.css?1256169076 HTTP/1.1" 304 - "http://wave.danopia.net/waves" "Mozilla/5.0 (X11; U; Linux i686; en-US; rv:1.9.0.14) Gecko/2009090216 Ubuntu/8.04 (hardy) Firefox/3.0.14"
192.168.1.46 - - [22/Oct/2009:06:05:05 -0400] "GET /images/icons/ruby_go.png?1256168852 HTTP/1.1" 304 - "http://wave.danopia.net/waves" "Mozilla/5.0 (X11; U; Linux i686; en-US; rv:1.9.0.14) Gecko/2009090216 Ubuntu/8.04 (hardy) Firefox/3.0.14"
192.168.1.46 - - [22/Oct/2009:06:06:51 -0400] "GET /waves HTTP/1.1" 304 - "-" "Mozilla/5.0 (X11; U; Linux i686; en-US; rv:1.9.0.14) Gecko/2009090216 Ubuntu/8.04 (hardy) Firefox/3.0.14"
192.168.1.46 - - [22/Oct/2009:06:06:51 -0400] "GET /stylesheets/base.css?1256169076 HTTP/1.1" 304 - "http://wave.danopia.net/waves" "Mozilla/5.0 (X11; U; Linux i686; en-US; rv:1.9.0.14) Gecko/2009090216 Ubuntu/8.04 (hardy) Firefox/3.0.14"
192.168.1.46 - - [22/Oct/2009:06:06:51 -0400] "GET /images/icons/ruby_go.png?1256168852 HTTP/1.1" 304 - "http://wave.danopia.net/waves" "Mozilla/5.0 (X11; U; Linux i686; en-US; rv:1.9.0.14) Gecko/2009090216 Ubuntu/8.04 (hardy) Firefox/3.0.14"
192.168.1.46 - - [22/Oct/2009:06:06:52 -0400] "GET /waves HTTP/1.1" 304 - "-" "Mozilla/5.0 (X11; U; Linux i686; en-US; rv:1.9.0.14) Gecko/2009090216 Ubuntu/8.04 (hardy) Firefox/3.0.14"
192.168.1.46 - - [22/Oct/2009:06:06:52 -0400] "GET /stylesheets/base.css?1256169076 HTTP/1.1" 304 - "http://wave.danopia.net/waves" "Mozilla/5.0 (X11; U; Linux i686; en-US; rv:1.9.0.14) Gecko/2009090216 Ubuntu/8.04 (hardy) Firefox/3.0.14"
192.168.1.46 - - [22/Oct/2009:06:06:52 -0400] "GET /images/icons/ruby_go.png?1256168852 HTTP/1.1" 304 - "http://wave.danopia.net/waves" "Mozilla/5.0 (X11; U; Linux i686; en-US; rv:1.9.0.14) Gecko/2009090216 Ubuntu/8.04 (hardy) Firefox/3.0.14"
192.168.1.46 - - [22/Oct/2009:06:07:38 -0400] "GET /users HTTP/1.1" 200 7235 "-" "Mozilla/5.0 (X11; U; Linux i686; en-US; rv:1.9.0.14) Gecko/2009090216 Ubuntu/8.04 (hardy) Firefox/3.0.14"
98.167.150.186 - - [22/Oct/2009:06:07:53 -0400] "GET /waves HTTP/1.1" 302 95 "-" "Mozilla/5.0 (X11; U; Linux i686; en-US) AppleWebKit/532.2 (KHTML, like Gecko) Chrome/4.0.222.5 Safari/532.2"
98.167.150.186 - - [22/Oct/2009:06:07:53 -0400] "GET /login HTTP/1.1" 200 1752 "-" "Mozilla/5.0 (X11; U; Linux i686; en-US) AppleWebKit/532.2 (KHTML, like Gecko) Chrome/4.0.222.5 Safari/532.2"
98.167.150.186 - - [22/Oct/2009:06:07:53 -0400] "GET /stylesheets/base.css?1256169076 HTTP/1.1" 200 2013 "http://wave.danopia.net/login" "Mozilla/5.0 (X11; U; Linux i686; en-US) AppleWebKit/532.2 (KHTML, like Gecko) Chrome/4.0.222.5 Safari/532.2"
98.167.150.186 - - [22/Oct/2009:06:07:54 -0400] "GET /images/icons/ruby_go.png?1256168852 HTTP/1.1" 200 720 "http://wave.danopia.net/login" "Mozilla/5.0 (X11; U; Linux i686; en-US) AppleWebKit/532.2 (KHTML, like Gecko) Chrome/4.0.222.5 Safari/532.2"
98.167.150.186 - - [22/Oct/2009:06:07:54 -0400] "GET /favicon.ico HTTP/1.1" 200 - "-" "Mozilla/5.0 (X11; U; Linux i686; en-US) AppleWebKit/532.2 (KHTML, like Gecko) Chrome/4.0.222.5 Safari/532.2"
98.167.150.186 - - [22/Oct/2009:06:08:04 -0400] "GET /account/new HTTP/1.1" 200 2187 "-" "Mozilla/5.0 (X11; U; Linux i686; en-US) AppleWebKit/532.2 (KHTML, like Gecko) Chrome/4.0.222.5 Safari/532.2"
98.167.150.186 - - [22/Oct/2009:06:08:05 -0400] "GET /images/icons/user_add.png?1256168852 HTTP/1.1" 200 746 "http://wave.danopia.net/account/new" "Mozilla/5.0 (X11; U; Linux i686; en-US) AppleWebKit/532.2 (KHTML, like Gecko) Chrome/4.0.222.5 Safari/532.2"
93.97.30.189 - - [22/Oct/2009:06:08:29 -0400] "GET /waves HTTP/1.1" 302 95 "-" "Mozilla/5.0 (Windows; U; Windows NT 6.1; en-US) AppleWebKit/532.2 (KHTML, like Gecko) Chrome/4.0.222.12 Safari/532.2"
93.97.30.189 - - [22/Oct/2009:06:08:29 -0400] "GET /login HTTP/1.1" 200 1752 "-" "Mozilla/5.0 (Windows; U; Windows NT 6.1; en-US) AppleWebKit/532.2 (KHTML, like Gecko) Chrome/4.0.222.12 Safari/532.2"
93.97.30.189 - - [22/Oct/2009:06:08:30 -0400] "GET /stylesheets/base.css?1256169076 HTTP/1.1" 200 2013 "http://wave.danopia.net/login" "Mozilla/5.0 (Windows; U; Windows NT 6.1; en-US) AppleWebKit/532.2 (KHTML, like Gecko) Chrome/4.0.222.12 Safari/532.2"
93.97.30.189 - - [22/Oct/2009:06:08:30 -0400] "GET /images/icons/ruby_go.png?1256168852 HTTP/1.1" 200 720 "http://wave.danopia.net/login" "Mozilla/5.0 (Windows; U; Windows NT 6.1; en-US) AppleWebKit/532.2 (KHTML, like Gecko) Chrome/4.0.222.12 Safari/532.2"
93.97.30.189 - - [22/Oct/2009:06:08:30 -0400] "GET /favicon.ico HTTP/1.1" 200 - "-" "Mozilla/5.0 (Windows; U; Windows NT 6.1; en-US) AppleWebKit/532.2 (KHTML, like Gecko) Chrome/4.0.222.12 Safari/532.2"
93.97.30.189 - - [22/Oct/2009:06:08:40 -0400] "GET /account/new HTTP/1.1" 200 2187 "-" "Mozilla/5.0 (Windows; U; Windows NT 6.1; en-US) AppleWebKit/532.2 (KHTML, like Gecko) Chrome/4.0.222.12 Safari/532.2"
93.97.30.189 - - [22/Oct/2009:06:08:40 -0400] "GET /images/icons/user_add.png?1256168852 HTTP/1.1" 200 746 "http://wave.danopia.net/account/new" "Mozilla/5.0 (Windows; U; Windows NT 6.1; en-US) AppleWebKit/532.2 (KHTML, like Gecko) Chrome/4.0.222.12 Safari/532.2"
93.97.30.189 - - [22/Oct/2009:06:08:55 -0400] "POST /account HTTP/1.1" 302 95 "http://wave.danopia.net/account/new" "Mozilla/5.0 (Windows; U; Windows NT 6.1; en-US) AppleWebKit/532.2 (KHTML, like Gecko) Chrome/4.0.222.12 Safari/532.2"
93.97.30.189 - - [22/Oct/2009:06:08:56 -0400] "GET /waves HTTP/1.1" 200 1851 "http://wave.danopia.net/account/new" "Mozilla/5.0 (Windows; U; Windows NT 6.1; en-US) AppleWebKit/532.2 (KHTML, like Gecko) Chrome/4.0.222.12 Safari/532.2"
93.97.30.189 - - [22/Oct/2009:06:08:56 -0400] "GET /stylesheets/base.css?1256169076 HTTP/1.1" 304 - "http://wave.danopia.net/waves" "Mozilla/5.0 (Windows; U; Windows NT 6.1; en-US) AppleWebKit/532.2 (KHTML, like Gecko) Chrome/4.0.222.12 Safari/532.2"
93.97.30.189 - - [22/Oct/2009:06:08:57 -0400] "GET /images/icons/ruby_go.png?1256168852 HTTP/1.1" 304 - "http://wave.danopia.net/waves" "Mozilla/5.0 (Windows; U; Windows NT 6.1; en-US) AppleWebKit/532.2 (KHTML, like Gecko) Chrome/4.0.222.12 Safari/532.2"
93.97.30.189 - - [22/Oct/2009:06:09:04 -0400] "GET /waves/new HTTP/1.1" 302 108 "http://wave.danopia.net/waves" "Mozilla/5.0 (Windows; U; Windows NT 6.1; en-US) AppleWebKit/532.2 (KHTML, like Gecko) Chrome/4.0.222.12 Safari/532.2"
93.97.30.189 - - [22/Oct/2009:06:09:04 -0400] "GET /waves/p3n18kaJzSyi HTTP/1.1" 200 1842 "http://wave.danopia.net/waves" "Mozilla/5.0 (Windows; U; Windows NT 6.1; en-US) AppleWebKit/532.2 (KHTML, like Gecko) Chrome/4.0.222.12 Safari/532.2"
98.167.150.186 - - [22/Oct/2009:06:09:09 -0400] "POST /account HTTP/1.1" 302 95 "http://wave.danopia.net/account/new" "Mozilla/5.0 (X11; U; Linux i686; en-US) AppleWebKit/532.2 (KHTML, like Gecko) Chrome/4.0.222.5 Safari/532.2"
98.167.150.186 - - [22/Oct/2009:06:09:18 -0400] "GET /waves HTTP/1.1" 200 2027 "http://wave.danopia.net/account/new" "Mozilla/5.0 (X11; U; Linux i686; en-US) AppleWebKit/532.2 (KHTML, like Gecko) Chrome/4.0.222.5 Safari/532.2"
98.167.150.186 - - [22/Oct/2009:06:09:19 -0400] "GET /stylesheets/base.css?1256169076 HTTP/1.1" 304 - "http://wave.danopia.net/waves" "Mozilla/5.0 (X11; U; Linux i686; en-US) AppleWebKit/532.2 (KHTML, like Gecko) Chrome/4.0.222.5 Safari/532.2"
98.167.150.186 - - [22/Oct/2009:06:09:19 -0400] "GET /images/icons/ruby_go.png?1256168852 HTTP/1.1" 304 - "http://wave.danopia.net/waves" "Mozilla/5.0 (X11; U; Linux i686; en-US) AppleWebKit/532.2 (KHTML, like Gecko) Chrome/4.0.222.5 Safari/532.2"
93.97.30.189 - - [22/Oct/2009:06:09:25 -0400] "POST /waves/p3n18kaJzSyi/update HTTP/1.1" 302 111 "http://wave.danopia.net/waves/p3n18kaJzSyi" "Mozilla/5.0 (Windows; U; Windows NT 6.1; en-US) AppleWebKit/532.2 (KHTML, like Gecko) Chrome/4.0.222.12 Safari/532.2"
93.97.30.189 - - [22/Oct/2009:06:09:25 -0400] "GET /waves/p3n18kaJzSyi HTTP/1.1" 200 2210 "http://wave.danopia.net/waves/p3n18kaJzSyi" "Mozilla/5.0 (Windows; U; Windows NT 6.1; en-US) AppleWebKit/532.2 (KHTML, like Gecko) Chrome/4.0.222.12 Safari/532.2"
93.97.30.189 - - [22/Oct/2009:06:09:26 -0400] "GET /stylesheets/base.css?1256169076 HTTP/1.1" 304 - "http://wave.danopia.net/waves/p3n18kaJzSyi" "Mozilla/5.0 (Windows; U; Windows NT 6.1; en-US) AppleWebKit/532.2 (KHTML, like Gecko) Chrome/4.0.222.12 Safari/532.2"
93.97.30.189 - - [22/Oct/2009:06:09:26 -0400] "GET /images/icons/ruby_go.png?1256168852 HTTP/1.1" 304 - "http://wave.danopia.net/waves/p3n18kaJzSyi" "Mozilla/5.0 (Windows; U; Windows NT 6.1; en-US) AppleWebKit/532.2 (KHTML, like Gecko) Chrome/4.0.222.12 Safari/532.2"
93.97.30.189 - - [22/Oct/2009:06:09:28 -0400] "GET /waves/p3n18kaJzSyi HTTP/1.1" 304 - "-" "Mozilla/5.0 (Windows; U; Windows NT 6.1; en-US) AppleWebKit/532.2 (KHTML, like Gecko) Chrome/4.0.222.12 Safari/532.2"
93.97.30.189 - - [22/Oct/2009:06:09:29 -0400] "GET /stylesheets/base.css?1256169076 HTTP/1.1" 304 - "http://wave.danopia.net/waves/p3n18kaJzSyi" "Mozilla/5.0 (Windows; U; Windows NT 6.1; en-US) AppleWebKit/532.2 (KHTML, like Gecko) Chrome/4.0.222.12 Safari/532.2"
93.97.30.189 - - [22/Oct/2009:06:09:29 -0400] "GET /images/icons/ruby_go.png?1256168852 HTTP/1.1" 304 - "http://wave.danopia.net/waves/p3n18kaJzSyi" "Mozilla/5.0 (Windows; U; Windows NT 6.1; en-US) AppleWebKit/532.2 (KHTML, like Gecko) Chrome/4.0.222.12 Safari/532.2"
93.97.30.189 - - [22/Oct/2009:06:09:32 -0400] "GET /waves/ HTTP/1.1" 200 1977 "-" "Mozilla/5.0 (Windows; U; Windows NT 6.1; en-US) AppleWebKit/532.2 (KHTML, like Gecko) Chrome/4.0.222.12 Safari/532.2"
